round 0: 73 nets sharing, 0 unrouted, pres 0.6, 149s
   sharing: +12V +5V A0 A1 A2 A3 A6 ANODE_AM ANODE_H1 ANODE_M10 ANODE_PM ANODE_S10 BLEED_H10 BL_A1 BL_A2 BL_A4 BL_A7 BL_A8 CAT_A_MICRO CAT_A_NANO CAT_A_P CAT_B_AMP CAT_B_OHM CAT_B_SIEMENS COLON_L COLON_RET COLON_U D10 D13 D4 D5 D6 EMIT_S1 GND HV185 K0 K1 K2 K3 K4 K5 K6 K8 K9 KS0 KS1 KS2 KS3 KS4 KS5 KS6 KS7 KS8 KS9 OPT_H10 PWM_G SCL SDA SW VREF XA0 XA1 XA2 XA3 XA4 XA5 XA6 XA7 XB3 XB4 XB5 XB6 XB7
round 1: 77 nets sharing, 0 unrouted, pres 0.9, 235s
   sharing: +5V A0 A1 A2 A3 A6 A7 ANODE_AM ANODE_H1 ANODE_H10 ANODE_M10 ANODE_PM ANODE_S10 BL_A1 BL_A2 BL_A4 BL_A7 BL_A8 CAT_A_MICRO CAT_A_NANO CAT_A_P CAT_A_PI CAT_B_AMP CAT_B_OHM D10 D11 D13 D2 D3 D4 D5 D6 D7 EMIT_S1 FB_LOW GATE GND HV185 K0 K1 K2 K3 K4 K5 K6 K7 K8 K9 KS0 KS1 KS3 KS4 KS5 KS6 KS7 KS8 OPT_H1 PWM_G SCL SDA SW XA0 XA1 XA2 XA3 XA4 XA5 XA6 XA7 XB0 XB1 XB2 XB3 XB4 XB5 XB6 XB7
round 2: 76 nets sharing, 0 unrouted, pres 1.3, 334s
   sharing: +12V +5V A0 A1 A2 A3 A6 ANODE_AM ANODE_H1 ANODE_M1 ANODE_PM ANODE_S1 BLEED_H10 BL_A1 BL_A2 BL_A7 BL_A8 CAT_A_MICRO CAT_A_NANO CAT_A_P CAT_A_PCT CAT_B_AMP CAT_B_OHM CAT_B_SIEMENS CAT_B_VOLT D10 D11 D13 D2 D4 D5 D6 EMIT_H10 FB GATE GND HV185 K0 K1 K2 K3 K4 K5 K7 K8 K9 KS0 KS2 KS3 KS4 KS5 KS6 KS7 KS8 KS9 M_A PWM_G SCL SDA SW XA0 XA1 XA2 XA3 XA4 XA5 XA6 XA7 XB0 XB1 XB2 XB3 XB4 XB5 XB6 XB7
round 3: 78 nets sharing, 0 unrouted, pres 2.0, 451s
   sharing: +12V +5V A0 A1 A2 A3 A7 ANODE_AM ANODE_H1 ANODE_H10 ANODE_M1 ANODE_PM ANODE_S1 B20 BL_A1 BL_A2 BL_A5 BL_A6 BL_A7 BL_A8 BL_K CAT_A_NANO CAT_A_P CAT_A_PCT CAT_A_PI CAT_B_AMP CAT_B_HENRY CAT_B_OHM CAT_B_SIEMENS CAT_B_VOLT D10 D11 D2 D3 D4 D5 D6 EMIT_H10 EMIT_M10 FB_LOW GND HV185 K0 K1 K2 K4 K5 K7 K8 K9 KS0 KS1 KS2 KS3 KS4 KS5 KS8 KS9 M_A OPT_H1 PWM_G SCL SDA XA1 XA2 XA3 XA4 XA5 XA6 XA7 XB0 XB1 XB2 XB3 XB4 XB5 XB6 XB7
round 4: 67 nets sharing, 0 unrouted, pres 3.0, 596s
   sharing: +5V A0 A1 A2 A3 A6 A7 ANODE_H1 ANODE_H10 BL_A1 BL_A2 BL_A4 BL_A7 BL_K CAT_A_NANO CAT_A_P CAT_B_AMP COLON_RET D10 D13 D2 D3 D4 D5 D6 D9 EMIT_H10 FB_LOW GND HV185 K0 K1 K2 K3 K4 K6 K7 K8 K9 KS0 KS1 KS3 KS4 KS5 KS6 KS8 M_A OPT_H1 OPT_H10 PWM_G SCL SDA XA0 XA1 XA2 XA3 XA4 XA5 XA6 XB0 XB1 XB2 XB3 XB4 XB5 XB6 XB7
round 5: 66 nets sharing, 0 unrouted, pres 4.6, 752s
   sharing: +12V +5V A0 A1 A2 A3 A6 A7 ANODE_H1 ANODE_PM BLEED_H10 BL_A1 BL_A2 BL_A7 CAT_A_MICRO CAT_A_MINUS CAT_A_NANO CAT_A_P CAT_B_AMP CAT_B_HENRY CAT_B_OHM D10 D13 D4 D5 D6 EMIT_H10 GND HV185 K0 K1 K2 K3 K4 K5 K7 K8 KS0 KS2 KS3 KS4 KS5 KS6 KS8 KS9 M_A OPT_H10 PWM_G SCL SDA XA0 XA1 XA2 XA3 XA4 XA5 XA6 XA7 XB0 XB1 XB2 XB3 XB4 XB5 XB6 XB7
round 6: 61 nets sharing, 0 unrouted, pres 6.8, 938s
   sharing: +5V A0 A1 A2 A3 A6 ANODE_AM ANODE_H1 ANODE_PM BL_A1 BL_A2 BL_A7 BL_A8 BL_K CAT_A_NANO CAT_B_AMP CAT_B_HENRY CAT_B_VOLT D10 D11 D13 D4 D5 D6 GND HV185 K0 K1 K2 K3 K4 K5 K6 K7 K9 KS0 KS1 KS2 KS6 KS7 KS8 OPT_H1 OPT_H10 PWM_G SCL SDA XA0 XA1 XA2 XA3 XA4 XA5 XA6 XA7 XB0 XB1 XB2 XB3 XB5 XB6 XB7
round 7: 48 nets sharing, 0 unrouted, pres 10.3, 1138s
   sharing: +5V A0 A1 A2 A3 A7 ANODE_H1 ANODE_PM ANODE_S10 BL_A1 BL_A2 BL_A7 BL_A8 CAT_A_KILO CAT_A_MEGA CAT_A_NANO CAT_B_AMP CAT_B_HENRY D10 D5 D6 FB_LOW GND HV185 K2 K3 K5 K9 KS0 KS8 KS9 OPT_H1 PWM_G SCL XA1 XA2 XA3 XA4 XA5 XA6 XA7 XB0 XB1 XB2 XB3 XB4 XB5 XB7
round 8: 42 nets sharing, 0 unrouted, pres 15.4, 1355s
   sharing: +5V A0 A1 A2 A3 A6 ANODE_H1 BL_A1 BL_A2 CAT_A_MILLI CAT_B_AMP D10 D5 D6 FB_LOW GND HV185 K2 K3 K5 K8 K9 KS0 KS2 KS8 KS9 PWM_G SCL SDA XA0 XA2 XA3 XA4 XA5 XA6 XB0 XB1 XB2 XB3 XB4 XB5 XB7
round 9: 37 nets sharing, 0 unrouted, pres 23.1, 1557s
   sharing: +5V A0 A1 A2 A3 A7 ANODE_H1 BL_A2 CAT_B_AMP D5 D6 GND HV185 K3 K6 K7 K9 KS1 KS2 PWM_G SCL SDA XA0 XA1 XA2 XA3 XA4 XA5 XA6 XA7 XB0 XB1 XB2 XB3 XB4 XB5 XB7
round 10: 32 nets sharing, 0 unrouted, pres 34.6, 1754s
   sharing: +5V A0 A1 A2 A3 A7 BL_A1 BL_A8 CAT_A_PLUS D10 D4 D6 GND K2 K3 K5 K9 KS1 KS2 PWM_G XA0 XA1 XA2 XA3 XA6 XA7 XB0 XB1 XB3 XB4 XB5 XB7
round 11: 22 nets sharing, 0 unrouted, pres 51.9, 1920s
   sharing: +5V A1 A2 A3 BL_A1 BL_A8 BL_K D6 GND K2 K3 K9 KS0 KS8 KS9 PWM_G XA2 XA6 XB1 XB4 XB5 XB7
round 12: 17 nets sharing, 0 unrouted, pres 77.8, 2077s
   sharing: +5V A1 A2 A3 BL_A1 BL_A8 BL_K D6 K2 K3 K9 PWM_G XA1 XA6 XB4 XB5 XB7
round 13: 13 nets sharing, 0 unrouted, pres 116.8, 2130s
   sharing: +5V A3 BL_A1 BL_A8 D6 K2 K9 PWM_G XA1 XA6 XB4 XB5 XB7
round 14: 12 nets sharing, 0 unrouted, pres 175.2, 2176s
   sharing: +5V A3 BL_A1 BL_A8 D6 K2 K9 PWM_G XA1 XA6 XB3 XB4
round 15: 10 nets sharing, 0 unrouted, pres 262.7, 2220s
   sharing: +5V A3 BL_A1 BL_A8 D6 K2 K9 PWM_G XB3 XB4
round 16: 8 nets sharing, 0 unrouted, pres 394.1, 2265s
   sharing: +5V A3 BL_A1 BL_A8 D6 K2 K9 PWM_G
round 17: 8 nets sharing, 0 unrouted, pres 591.2, 2307s
   sharing: +5V A3 BL_A1 BL_A8 D6 K2 K9 PWM_G
round 18: 8 nets sharing, 0 unrouted, pres 886.7, 2349s
   sharing: +5V A3 BL_A1 BL_A8 D6 K2 K9 PWM_G
round 19: 8 nets sharing, 0 unrouted, pres 1330.1, 2390s
   sharing: +5V A3 BL_A1 BL_A8 D6 K2 K9 PWM_G
round 20: 8 nets sharing, 0 unrouted, pres 1995.2, 2432s
   sharing: +5V A3 BL_A1 BL_A8 D6 K2 K9 PWM_G
round 21: 8 nets sharing, 0 unrouted, pres 2992.7, 2473s
   sharing: +5V A3 BL_A1 BL_A8 D6 K2 K9 PWM_G
round 22: 8 nets sharing, 0 unrouted, pres 4489.1, 2514s
   sharing: +5V A3 BL_A1 BL_A8 D6 K2 K9 PWM_G
round 23: 8 nets sharing, 0 unrouted, pres 6733.6, 2555s
   sharing: +5V A3 BL_A1 BL_A8 D6 K2 K9 PWM_G
round 24: 8 nets sharing, 0 unrouted, pres 10100.5, 2597s
   sharing: +5V A3 BL_A1 BL_A8 D6 K2 K9 PWM_G
round 25: 8 nets sharing, 0 unrouted, pres 15150.7, 2638s
   sharing: +5V A3 BL_A1 BL_A8 D6 K2 K9 PWM_G
round 26: 8 nets sharing, 0 unrouted, pres 22726.1, 2678s
   sharing: +5V A3 BL_A1 BL_A8 D6 K2 K9 PWM_G
round 27: 6 nets sharing, 0 unrouted, pres 34089.1, 2717s
   sharing: +5V A3 BL_A1 D6 K2 K9
round 28: 6 nets sharing, 0 unrouted, pres 51133.6, 2753s
   sharing: +5V A3 BL_A1 D6 K2 K9
round 29: 6 nets sharing, 0 unrouted, pres 76700.4, 2786s
   sharing: +5V A3 BL_A1 D6 K2 K9
round 30: 6 nets sharing, 0 unrouted, pres 115050.6, 2820s
   sharing: +5V A3 BL_A1 D6 K2 K9
round 31: 6 nets sharing, 0 unrouted, pres 172576.0, 2853s
   sharing: +5V A3 BL_A1 D6 K2 K9
round 32: 6 nets sharing, 0 unrouted, pres 258863.9, 2885s
   sharing: +5V A3 BL_A1 D6 K2 K9
round 33: 6 nets sharing, 0 unrouted, pres 388295.9, 2918s
   sharing: +5V A3 BL_A1 D6 K2 K9
round 34: 6 nets sharing, 0 unrouted, pres 582443.8, 2952s
   sharing: +5V A3 BL_A1 D6 K2 K9
round 35: 6 nets sharing, 0 unrouted, pres 873665.8, 2986s
   sharing: +5V A3 BL_A1 D6 K2 K9
round 36: 6 nets sharing, 0 unrouted, pres 1310498.6, 3017s
   sharing: +5V BL_A1 D6 K2 K9 XB4
round 37: 6 nets sharing, 0 unrouted, pres 1965748.0, 3048s
   sharing: BL_A1 D6 K2 K9 XB1 XB4
round 38: 4 nets sharing, 0 unrouted, pres 2948622.0, 3051s
   sharing: BL_A1 D6 K2 K9
round 39: 4 nets sharing, 0 unrouted, pres 4422932.9, 3054s
   sharing: BL_A1 D6 K2 K9
round 40: 4 nets sharing, 0 unrouted, pres 6634399.4, 3057s
   sharing: BL_A1 D6 K2 K9
round 41: 4 nets sharing, 0 unrouted, pres 9951599.1, 3060s
   sharing: BL_A1 D6 K2 K9
round 42: 4 nets sharing, 0 unrouted, pres 14927398.6, 3068s
   sharing: BL_A1 D6 K2 K9
round 43: 4 nets sharing, 0 unrouted, pres 22391097.9, 3074s
   sharing: BL_A1 D6 K2 K9
round 44: 4 nets sharing, 0 unrouted, pres 33586646.9, 3101s
   sharing: BL_A1 D6 K2 K9
round 45: 4 nets sharing, 0 unrouted, pres 50379970.4, 3228s
   sharing: BL_A1 D6 K2 K9
round 46: 4 nets sharing, 0 unrouted, pres 75569955.6, 3310s
   sharing: BL_A1 D6 K2 K9
