  [PLACE] courtyards R60 / R29
round 0: 67 nets sharing, 0 unrouted, pres 0.6, 153s
   sharing: +12V +5V A0 A1 A2 A3 A6 A7 ANODE_AM ANODE_H1 ANODE_M10 ANODE_PM ANODE_S1 ANODE_S10 B1 B20 BLEED_M1 BL_A1 BL_A2 BL_A3 BL_A4 BL_A5 BL_A6 BL_K CAT_A_MEGA CAT_A_MILLI CAT_A_PCT CAT_A_PLUS CAT_B_FARAD CAT_B_WATT D10 D2 D3 D4 D5 D7 D8 D9 GATE_D GND HV185 K1 K5 K7 KS0 KS1 KS2 KS3 KS4 KS5 KS6 KS7 KS8 KS9 M_A PWM_G SCL SDA VIN_F VIN_J VREF XA0 XA1 XA2 XA4 XA5 XA7
round 1: 83 nets sharing, 0 unrouted, pres 0.9, 260s
   sharing: +12V +5V A0 A1 A2 A3 A6 A7 ANODE_AM ANODE_H1 ANODE_M1 ANODE_PM ANODE_S10 B20 BLEED_S10 BL_A1 BL_A2 BL_A3 BL_A4 BL_A5 BL_A6 BL_A7 BL_A8 BL_K CAT_A_KILO CAT_A_MEGA CAT_A_MILLI CAT_A_MINUS CAT_A_PLUS CAT_B_OHM CAT_B_SIEMENS CAT_B_VOLT CAT_B_WATT COLON_RET D10 D13 D2 D3 D4 D5 D7 D8 D9 FB GATE GATE_D GND HV185 K0 K1 K2 K3 K4 K5 K6 K7 K8 K9 KS0 KS1 KS2 KS3 KS4 KS5 KS6 KS7 KS8 KS9 M_A PWM_G SCL SDA VIN_F VIN_J VREF XA0 XA1 XA2 XA3 XA4 XA5 XA6 XA7
round 2: 81 nets sharing, 0 unrouted, pres 1.3, 390s
   sharing: +12V +5V A0 A1 A2 A3 A6 A7 ANODE_AM ANODE_H1 ANODE_H10 ANODE_M1 ANODE_S1 B20 BL_A1 BL_A2 BL_A3 BL_A4 BL_A5 BL_A6 BL_A8 BL_K CAT_A_KILO CAT_A_MEGA CAT_A_MILLI CAT_A_P CAT_A_PLUS CAT_B_FARAD CAT_B_SIEMENS CAT_B_VOLT D10 D11 D13 D2 D3 D4 D5 D6 D7 D8 D9 GATE GND HV185 K0 K2 K3 K4 K5 K7 K8 K9 KS0 KS1 KS2 KS3 KS4 KS5 KS6 KS7 KS8 KS9 M_A OPT_H10 OPT_S1 OPT_S10 PWM_G SCL SDA SW VIN_F VIN_J VREF XA0 XA1 XA2 XA3 XA4 XA5 XA6 XA7
round 3: 84 nets sharing, 0 unrouted, pres 2.0, 556s
   sharing: +12V +5V A0 A1 A2 A3 A6 A7 ANODE_AM ANODE_H1 ANODE_H10 ANODE_M1 ANODE_PM ANODE_S1 B20 BLEED_M1 BL_A1 BL_A2 BL_A3 BL_A4 BL_A5 BL_A6 BL_A7 BL_A8 BL_K CAT_A_KILO CAT_A_MEGA CAT_A_MICRO CAT_A_MILLI CAT_A_MINUS CAT_A_P CAT_A_PI CAT_A_PLUS CAT_B_FARAD CAT_B_HERTZ CAT_B_OHM CAT_B_SIEMENS CAT_B_VOLT CAT_B_WATT D10 D11 D12 D13 D2 D3 D4 D5 D8 D9 EMIT_H1 EMIT_S10 FB GND HV185 K2 K3 K4 K5 K6 K8 KS0 KS1 KS2 KS3 KS4 KS5 KS6 KS7 KS8 KS9 M_A PWM_G SCL SDA VIN_J VREF XA0 XA1 XA2 XA3 XA4 XA5 XA6 XA7
round 4: 81 nets sharing, 0 unrouted, pres 3.0, 750s
   sharing: +12V +5V A0 A1 A2 A3 A6 A7 ANODE_AM ANODE_H1 ANODE_PM ANODE_S1 ANODE_S10 B1 B20 BLEED_M1 BL_A1 BL_A2 BL_A3 BL_A4 BL_A5 BL_A6 BL_A8 BL_K CAT_A_KILO CAT_A_MEGA CAT_A_MICRO CAT_A_MILLI CAT_A_MINUS CAT_A_NANO CAT_A_P CAT_A_PCT CAT_A_PI CAT_A_PLUS CAT_B_FARAD CAT_B_HENRY CAT_B_HERTZ CAT_B_VOLT CAT_B_WATT D10 D11 D13 D2 D3 D5 D7 D8 D9 EMIT_S10 GND HV185 K1 K2 K3 K4 K5 K6 K7 K8 KS0 KS1 KS2 KS3 KS4 KS5 KS6 KS7 KS8 M_A PWM_G SCL SDA VREF XA0 XA1 XA2 XA3 XA4 XA5 XA6 XA7
round 5: 74 nets sharing, 0 unrouted, pres 4.6, 952s
   sharing: +12V +5V A0 A1 A2 A3 A6 A7 ANODE_AM ANODE_H1 ANODE_PM ANODE_S1 B1 BLEED_H1 BL_A1 BL_A2 BL_A3 BL_A4 BL_A5 BL_A6 BL_A7 BL_A8 BL_K CAT_A_KILO CAT_A_MEGA CAT_A_MILLI CAT_A_MINUS CAT_A_NANO CAT_A_PI CAT_A_PLUS CAT_B_FARAD CAT_B_HERTZ D10 D11 D12 D13 D2 D4 D5 D7 D8 D9 EMIT_H1 GND HV185 K1 K3 K4 K5 K7 KS0 KS1 KS2 KS3 KS4 KS5 KS6 KS7 KS8 KS9 M_A PWM_G SCL SDA VREF XA0 XA1 XA2 XA3 XA4 XA5 XA6 XA7 XB7
round 6: 72 nets sharing, 0 unrouted, pres 6.8, 1173s
   sharing: +5V A0 A1 A2 A3 A6 A7 ANODE_AM ANODE_H1 ANODE_M1 ANODE_M10 ANODE_PM ANODE_S1 B20 BLEED_M10 BL_A1 BL_A2 BL_A3 BL_A4 BL_A5 BL_A6 BL_A7 BL_A8 BL_K CAT_A_KILO CAT_A_MEGA CAT_A_MILLI CAT_A_NANO CAT_A_PCT CAT_A_PI CAT_A_PLUS CAT_B_HERTZ D10 D11 D13 D2 D4 D5 D6 D7 D8 D9 GND HV185 K2 K3 K4 K5 K6 K8 KS0 KS1 KS2 KS3 KS4 KS5 KS6 KS7 KS8 M_A PWM_G SCL SDA VREF XA0 XA1 XA2 XA3 XA4 XA5 XA6 XA7
round 7: 59 nets sharing, 0 unrouted, pres 10.3, 1397s
   sharing: +5V A0 A1 A2 A3 A6 A7 ANODE_AM ANODE_PM ANODE_S1 B20 BL_A1 BL_A2 BL_A3 BL_A4 BL_A5 BL_K CAT_A_MILLI CAT_A_MINUS CAT_A_PI CAT_A_PLUS CAT_B_FARAD CAT_B_OHM CAT_B_VOLT D10 D11 D2 D4 D5 D9 GND HV185 K0 K2 K3 K4 K5 K6 KS0 KS1 KS2 KS3 KS4 KS5 KS6 KS7 KS9 PWM_G SCL SDA VREF XA0 XA1 XA2 XA3 XA4 XA5 XA6 XA7
round 8: 55 nets sharing, 0 unrouted, pres 15.4, 1621s
   sharing: +5V A0 A1 A2 A3 A6 A7 ANODE_AM ANODE_H1 ANODE_S1 B20 BL_A1 BL_A2 BL_A3 BL_A4 BL_A5 BL_A8 BL_K CAT_A_MEGA CAT_A_MILLI CAT_A_PI CAT_B_HERTZ D10 D11 D2 D4 D5 D9 GND HV185 K0 K2 K3 K4 KS0 KS1 KS2 KS3 KS4 KS5 KS6 KS7 KS9 M_A PWM_G SCL SDA XA0 XA1 XA2 XA3 XA4 XA5 XA6 XA7
round 9: 44 nets sharing, 0 unrouted, pres 23.1, 1835s
   sharing: +5V A0 A1 A2 A3 A6 A7 ANODE_AM B20 BL_A1 BL_A2 BL_A3 BL_A4 BL_K CAT_A_KILO CAT_A_MILLI D10 D11 D2 D4 D5 D9 GND HV185 K4 KS0 KS1 KS2 KS3 KS4 KS5 KS6 KS7 PWM_G SCL SDA XA0 XA1 XA2 XA3 XA4 XA5 XA6 XA7
round 10: 38 nets sharing, 0 unrouted, pres 34.6, 2040s
   sharing: +5V A0 A1 A2 A3 ANODE_AM B20 BL_A1 BL_A2 BL_A3 BL_A4 BL_K CAT_A_MEGA CAT_A_PI D10 D11 D2 D4 D5 D9 EMIT_H1 GND HV185 KS1 KS2 KS6 KS9 PWM_G SCL SDA XA0 XA1 XA2 XA3 XA4 XA5 XA6 XA7
round 11: 37 nets sharing, 0 unrouted, pres 51.9, 2234s
   sharing: +5V A0 A1 A2 A3 A6 ANODE_AM B20 BL_A1 BL_A2 BL_A3 BL_A4 BL_K CAT_A_MEGA CAT_A_NANO CAT_A_PI D10 D13 D2 D4 D9 GND HV185 K7 KS1 KS2 KS6 KS9 PWM_G SCL SDA XA1 XA3 XA4 XA5 XA6 XA7
round 12: 34 nets sharing, 0 unrouted, pres 77.8, 2425s
   sharing: +5V A0 A1 A2 A3 A6 A7 ANODE_AM BL_A2 BL_A3 BL_A4 BL_K CAT_A_MEGA D10 D2 D4 D5 D7 GND HV185 KS1 KS2 KS6 KS9 PWM_G SCL SDA XA1 XA2 XA3 XA4 XA5 XA6 XA7
round 13: 31 nets sharing, 0 unrouted, pres 116.8, 2605s
   sharing: +5V A0 A1 A2 A3 A6 A7 ANODE_AM BL_A2 BL_A3 BL_A4 BL_K CAT_A_MEGA D10 D2 D4 D9 GND HV185 KS2 KS6 PWM_G SCL SDA XA1 XA2 XA3 XA4 XA5 XA6 XA7
round 14: 28 nets sharing, 0 unrouted, pres 175.2, 2778s
   sharing: +5V A0 A1 A2 A3 A6 A7 ANODE_AM BL_A2 BL_A3 BL_A4 BL_K D10 D4 D9 HV185 KS2 KS6 PWM_G SCL SDA XA1 XA2 XA3 XA4 XA5 XA6 XA7
round 15: 30 nets sharing, 0 unrouted, pres 262.7, 2859s
   sharing: +5V A0 A1 A2 A3 A6 A7 ANODE_AM BL_A2 BL_A3 BL_A4 BL_K D10 D4 D9 HV185 KS2 KS3 KS4 KS6 PWM_G SCL SDA XA0 XA1 XA2 XA4 XA5 XA6 XA7
round 16: 27 nets sharing, 0 unrouted, pres 394.1, 2936s
   sharing: +5V A0 A1 A2 A3 A6 ANODE_AM B20 BL_A2 BL_A3 BL_A4 BL_K D10 D4 D9 HV185 KS6 PWM_G SCL SDA XA0 XA1 XA2 XA4 XA5 XA6 XA7
