  [PLACE] courtyards VT1 / R36
round 0: 64 nets sharing, 0 unrouted, pres 0.6, 155s
   sharing: +12V +5V A0 A1 A2 A3 A6 A7 ANODE_AM ANODE_H1 ANODE_PM ANODE_S1 ANODE_S10 B20 BL_A5 BL_A6 BL_A7 BL_A8 BL_K CAT_A_NANO CAT_A_P CAT_B_AMP CAT_B_SIEMENS D10 D12 D13 D2 D3 D4 D6 D9 EMIT_H1 EMIT_M1 GND HV185 K0 K1 K2 K3 K4 K5 K7 K8 K9 KS0 KS1 KS2 KS3 KS4 KS5 KS6 M_A PWM_G SCL SDA VREF XA0 XA1 XA2 XA3 XA4 XA5 XA6 XA7
round 1: 78 nets sharing, 0 unrouted, pres 0.9, 270s
   sharing: +12V +5V A0 A1 A2 A3 A6 A7 ANODE_AM ANODE_H1 ANODE_H10 ANODE_M10 ANODE_S1 ANODE_S10 BLEED_H10 BLEED_M1 BLEED_S10 BL_A1 BL_A2 BL_A5 BL_A6 BL_A7 BL_A8 BL_K CAT_A_MICRO CAT_A_NANO CAT_A_P CAT_B_AMP CAT_B_OHM CAT_B_SIEMENS COLON_RET D10 D12 D13 D2 D3 D4 D6 D9 EMIT_H1 EMIT_M1 EMIT_S1 FB GATE GND HV185 K0 K1 K2 K3 K4 K5 K6 K7 K8 K9 KS0 KS1 KS2 KS4 KS5 KS6 KS8 M_A PWM_G SCL SDA SW VIN_F VREF XA0 XA1 XA2 XA3 XA4 XA5 XA6 XA7
round 2: 78 nets sharing, 0 unrouted, pres 1.3, 406s
   sharing: +5V A0 A1 A2 A3 A6 A7 ANODE_AM ANODE_H1 ANODE_H10 ANODE_M1 ANODE_M10 ANODE_PM ANODE_S1 BLEED_H1 BLEED_H10 BL_A1 BL_A2 BL_A4 BL_A5 BL_A6 BL_A7 BL_A8 BL_K CAT_A_NANO CAT_A_P CAT_B_AMP CAT_B_SIEMENS CAT_B_VOLT D10 D12 D13 D2 D3 D4 D5 D6 D7 D9 EMIT_H10 FB GATE GATE_D GND HV185 K0 K1 K2 K3 K4 K5 K6 K8 K9 KS0 KS1 KS2 KS3 KS5 KS6 KS8 M_A OPT_M10 PWM_G SCL SDA SW VIN_F VREF XA0 XA1 XA2 XA3 XA4 XA5 XA6 XA7 XB7
round 3: 91 nets sharing, 0 unrouted, pres 2.0, 567s
   sharing: +12V +5V A0 A1 A2 A3 A6 A7 ANODE_AM ANODE_H1 ANODE_M1 ANODE_M10 ANODE_S1 ANODE_S10 B20 BLEED_S10 BL_A1 BL_A2 BL_A5 BL_A6 BL_A7 BL_A8 BL_K CAT_A_MEGA CAT_A_MICRO CAT_A_MILLI CAT_A_MINUS CAT_A_NANO CAT_A_P CAT_A_PCT CAT_A_PLUS CAT_B_AMP CAT_B_OHM D10 D11 D12 D13 D2 D3 D4 D5 D6 D7 D9 FB GND HV185 K0 K1 K2 K3 K4 K5 K6 K7 K8 K9 KS0 KS1 KS2 KS3 KS4 KS5 KS6 KS7 KS8 KS9 M_A OPT_H1 OPT_H10 OPT_M1 OPT_M10 PWM_G SCL SDA VREF XA0 XA1 XA2 XA3 XA4 XA5 XA6 XA7 XB0 XB1 XB2 XB3 XB4 XB5 XB6
round 4: 70 nets sharing, 0 unrouted, pres 3.0, 752s
   sharing: +12V +5V A0 A1 A2 A3 A6 A7 ANODE_H1 ANODE_H10 ANODE_M1 ANODE_S1 ANODE_S10 BLEED_H10 BLEED_S10 BL_A1 BL_A2 BL_A4 BL_A5 BL_A6 BL_A7 BL_A8 BL_K CAT_A_MICRO CAT_A_NANO CAT_B_AMP CAT_B_OHM CAT_B_SIEMENS COLON_RET D10 D12 D13 D2 D3 D4 D5 D6 D9 GND HV185 K0 K1 K2 K3 K4 K5 K6 K7 K8 K9 KS0 KS1 KS2 KS8 KS9 M_A OPT_H10 PWM_G SCL SDA VIN_F VIN_J VREF XA1 XA2 XA3 XA4 XA5 XA6 XA7
round 5: 62 nets sharing, 0 unrouted, pres 4.6, 950s
   sharing: +12V +5V A0 A1 A2 A3 A6 A7 ANODE_H1 ANODE_S1 ANODE_S10 B20 BLEED_M10 BL_A1 BL_A2 BL_A3 BL_A4 BL_A5 BL_A6 BL_A7 BL_A8 BL_K CAT_A_NANO CAT_B_AMP D10 D12 D13 D2 D3 D4 D5 D6 D9 GND HV185 K0 K1 K2 K3 K4 K5 K7 K8 K9 KS0 KS1 KS3 KS9 M_A OPT_H10 PWM_G SCL SDA VIN_J VREF XA0 XA1 XA3 XA4 XA5 XA6 XA7
round 6: 62 nets sharing, 0 unrouted, pres 6.8, 1153s
   sharing: +5V A0 A1 A2 A3 A6 A7 ANODE_H1 ANODE_S1 ANODE_S10 B1 B20 BLEED_H1 BLEED_S10 BL_A1 BL_A2 BL_A4 BL_A5 BL_A7 BL_A8 BL_K CAT_A_MICRO D12 D13 D2 D3 D4 D5 D6 D9 GND HV185 K0 K1 K2 K3 K4 K5 K6 K7 K8 K9 KS0 KS1 KS2 KS4 KS6 KS8 M_A OPT_H10 PWM_G SCL SDA VREF XA0 XA1 XA2 XA3 XA4 XA5 XA6 XA7
round 7: 53 nets sharing, 0 unrouted, pres 10.3, 1372s
   sharing: +5V A0 A1 A2 A3 A6 A7 ANODE_H1 ANODE_S1 B1 B20 BL_A1 BL_A2 BL_A4 BL_A5 BL_A6 BL_A7 BL_A8 CAT_A_MICRO D10 D12 D13 D2 D3 D4 D5 D6 D9 GND HV185 K0 K1 K2 K3 K4 K5 K6 K8 K9 KS0 KS9 M_A PWM_G SCL SDA VREF XA1 XA2 XA3 XA4 XA5 XA6 XA7
round 8: 53 nets sharing, 0 unrouted, pres 15.4, 1582s
   sharing: +5V A0 A1 A2 A3 A6 A7 ANODE_H1 ANODE_S1 B1 B20 BLEED_S1 BL_A1 BL_A2 BL_A7 BL_A8 CAT_A_MICRO D10 D12 D13 D2 D3 D4 D5 D6 D9 GND HV185 K0 K1 K2 K3 K4 K5 K8 K9 KS0 KS2 KS4 KS9 M_A PWM_G SCL SDA VREF XA0 XA1 XA2 XA3 XA4 XA5 XA6 XA7
round 9: 47 nets sharing, 0 unrouted, pres 23.1, 1797s
   sharing: +5V A0 A1 A2 A3 A6 A7 ANODE_H1 ANODE_S1 B20 BL_A1 BL_A2 BL_A6 BL_A7 BL_A8 D10 D12 D13 D2 D3 D4 D5 D6 D9 GND HV185 K0 K1 K2 K3 K4 K5 K8 K9 KS5 M_A SCL SDA VIN_J VREF XA0 XA1 XA2 XA3 XA4 XA5 XA7
round 10: 43 nets sharing, 0 unrouted, pres 34.6, 2008s
   sharing: +5V A0 A1 A2 A3 A6 A7 ANODE_H1 ANODE_S1 B20 BL_A1 BL_A2 BL_A5 BL_A8 D10 D12 D13 D2 D3 D4 D5 D6 D9 GND HV185 K0 K1 K2 K3 K4 K5 K8 K9 M_A SCL SDA XA0 XA1 XA2 XA3 XA4 XA5 XA7
round 11: 37 nets sharing, 0 unrouted, pres 51.9, 2206s
   sharing: +5V A0 A1 A2 A3 A6 A7 ANODE_H1 ANODE_S1 BL_A1 BL_A2 BL_A5 BL_A8 D10 D12 D13 D2 D3 D4 D5 D6 D9 GND HV185 K0 K1 K2 K4 K8 K9 SCL SDA XA2 XA3 XA4 XA5 XA7
round 12: 33 nets sharing, 0 unrouted, pres 77.8, 2395s
   sharing: +5V A0 A1 A2 A3 A6 A7 BL_A1 BL_A2 BL_A6 BL_A8 BL_K D10 D12 D2 D3 D4 D5 D6 D9 GND HV185 K0 K1 K2 K4 K8 SCL SDA XA2 XA3 XA4 XA5
round 13: 29 nets sharing, 0 unrouted, pres 116.8, 2579s
   sharing: +5V A0 A1 A2 A3 A6 A7 BL_A1 BL_A2 D10 D12 D2 D3 D4 D5 D6 D9 GND HV185 K0 K1 K2 K4 K8 SCL SDA XA3 XA4 XA5
round 14: 27 nets sharing, 0 unrouted, pres 175.2, 2748s
   sharing: +5V A0 A1 A2 A3 A6 A7 BL_A1 BL_A8 D10 D12 D2 D5 D6 D9 HV185 K0 K1 K2 K3 K4 K8 SCL SDA XA3 XA4 XA5
round 15: 25 nets sharing, 0 unrouted, pres 262.7, 2821s
   sharing: A0 A1 A2 A3 A6 A7 BL_A8 D10 D12 D2 D3 D4 D5 D9 HV185 K0 K1 K2 K3 K8 SCL SDA XA3 XA4 XA5
round 16: 22 nets sharing, 0 unrouted, pres 394.1, 2865s
   sharing: A0 A1 A2 A3 A7 BL_A8 D10 D12 D2 D4 D5 D9 HV185 K0 K1 K2 K8 SCL SDA XA3 XA4 XA5
round 17: 21 nets sharing, 0 unrouted, pres 591.2, 2906s
   sharing: A0 A1 A2 A3 A7 BL_A8 D10 D12 D2 D4 D5 D9 HV185 K0 K1 K2 SCL SDA XA3 XA4 XA5
round 18: 18 nets sharing, 0 unrouted, pres 886.7, 2946s
   sharing: A0 A1 A2 A3 A7 BL_A8 D10 D12 D5 D9 HV185 K0 K2 SCL SDA XA3 XA4 XA5
round 19: 17 nets sharing, 0 unrouted, pres 1330.1, 2986s
   sharing: A0 A1 A2 A3 A7 BL_A8 D10 D12 D5 D9 HV185 K2 SCL SDA XA3 XA4 XA5
